// Jest Snapshot v1, https://goo.gl/fbAQLP

exports[`Snapshot 1`] = `
Object {
  "Parameters": Object {
    "BootstrapVersion": Object {
      "Default": "/cdk-bootstrap/hnb659fds/version",
      "Description": "Version of the CDK Bootstrap resources in this environment, automatically retrieved from SSM Parameter Store. [cdk:skip]",
      "Type": "AWS::SSM::Parameter::Value<String>",
    },
  },
  "Resources": Object {
    "EKSProduct9FA24A9B": Object {
      "Properties": Object {
        "Name": "EKS Product",
        "Owner": "SK Cloud Transformation Group",
        "ProvisioningArtifactParameters": Array [
          Object {
            "DisableTemplateValidation": false,
            "Info": Object {
              "LoadTemplateFromURL": Object {
                "Fn::Sub": "https://s3.\${AWS::Region}.\${AWS::URLSuffix}/cdk-hnb659fds-assets-\${AWS::AccountId}-\${AWS::Region}/1dbab385a7691ff25bab7ace705bb412f49838cf6ddf5cd12ec25f025a887af4.json",
              },
            },
            "Name": "v1",
          },
          Object {
            "DisableTemplateValidation": false,
            "Info": Object {
              "LoadTemplateFromURL": Object {
                "Fn::Sub": "https://s3.\${AWS::Region}.\${AWS::URLSuffix}/cdk-hnb659fds-assets-\${AWS::AccountId}-\${AWS::Region}/7a6968c87d05c22a13389cc268537f16555e1ec4b43046a52e8be31ae5cef7a5.json",
              },
            },
            "Name": "v2",
          },
        ],
        "ReplaceProvisioningArtifacts": true,
      },
      "Type": "AWS::ServiceCatalog::CloudFormationProduct",
    },
  },
  "Rules": Object {
    "CheckBootstrapVersion": Object {
      "Assertions": Array [
        Object {
          "Assert": Object {
            "Fn::Not": Array [
              Object {
                "Fn::Contains": Array [
                  Array [
                    "1",
                    "2",
                    "3",
                    "4",
                    "5",
                  ],
                  Object {
                    "Ref": "BootstrapVersion",
                  },
                ],
              },
            ],
          },
          "AssertDescription": "CDK bootstrap stack version 6 required. Please run 'cdk bootstrap' with a recent version of the CDK CLI.",
        },
      ],
    },
  },
}
`;
